
> wellness-valley-pwa-frontend@3.2.3 build
> react-scripts build

Creating an optimized production build...
Failed to compile.

Module not found: Error: Can't resolve './shared/plugins/stepCounterPlugin' in 'D:\Easy2Work\wellness-pwa\frontend\src'


